[2026-08-04 11:30:59 INF] Serilog.AspNetCore.RequestLoggingMiddleware - HTTP GET / responded 200 in 241.1445 ms
[2026-08-04 11:30:59 INF] Serilog.AspNetCore.RequestLoggingMiddleware - HTTP GET /js/site.triff2tvbi.js responded 200 in 24.7034 ms
[2026-08-04 11:30:59 INF] Serilog.AspNetCore.RequestLoggingMiddleware - HTTP GET /RecordDB.Core.c7bl56k7jw.styles.css responded 200 in 25.4062 ms
[2026-08-04 11:30:59 INF] Serilog.AspNetCore.RequestLoggingMiddleware - HTTP GET /lib/jquery/dist/jquery.min.o1o13a6vjx.js responded 200 in 30.5108 ms
[2026-08-04 11:30:59 INF] Serilog.AspNetCore.RequestLoggingMiddleware - HTTP GET /lib/bootstrap/dist/js/bootstrap.bundle.min.493y06b0oq.js responded 200 in 33.3224 ms
[2026-08-04 11:30:59 INF] Serilog.AspNetCore.RequestLoggingMiddleware - HTTP GET /css/site.c6lio0ht4z.css responded 200 in 33.4900 ms
[2026-08-04 11:30:59 INF] Serilog.AspNetCore.RequestLoggingMiddleware - HTTP GET /lib/bootstrap/dist/css/bootstrap.min.vajc5to68h.css responded 200 in 39.6923 ms
[2026-08-04 11:31:05 INF] Serilog.AspNetCore.RequestLoggingMiddleware - HTTP GET /Records responded 200 in 340.3737 ms
[2026-08-04 11:31:05 INF] Serilog.AspNetCore.RequestLoggingMiddleware - HTTP GET /RecordDB.Core.c7bl56k7jw.styles.css responded 200 in 0.6393 ms
[2026-08-04 11:31:05 INF] Serilog.AspNetCore.RequestLoggingMiddleware - HTTP GET /css/site.c6lio0ht4z.css responded 200 in 2.8156 ms
[2026-08-04 11:31:05 INF] Serilog.AspNetCore.RequestLoggingMiddleware - HTTP GET /lib/bootstrap/dist/css/bootstrap.min.vajc5to68h.css responded 200 in 6.7081 ms
[2026-08-04 11:31:05 INF] Serilog.AspNetCore.RequestLoggingMiddleware - HTTP GET /js/site.triff2tvbi.js responded 200 in 2.4804 ms
[2026-08-04 11:31:05 INF] Serilog.AspNetCore.RequestLoggingMiddleware - HTTP GET /lib/jquery/dist/jquery.min.o1o13a6vjx.js responded 200 in 12.9592 ms
[2026-08-04 11:31:05 INF] Serilog.AspNetCore.RequestLoggingMiddleware - HTTP GET /lib/bootstrap/dist/js/bootstrap.bundle.min.493y06b0oq.js responded 200 in 45.9635 ms
[2026-08-04 11:31:06 INF] Serilog.AspNetCore.RequestLoggingMiddleware - HTTP GET /Records/RecordView/1431 responded 200 in 43.7984 ms
[2026-08-04 11:31:06 INF] Serilog.AspNetCore.RequestLoggingMiddleware - HTTP GET /RecordDB.Core.c7bl56k7jw.styles.css responded 200 in 0.5758 ms
[2026-08-04 11:31:06 INF] Serilog.AspNetCore.RequestLoggingMiddleware - HTTP GET /css/site.c6lio0ht4z.css responded 200 in 1.0665 ms
[2026-08-04 11:31:06 INF] Serilog.AspNetCore.RequestLoggingMiddleware - HTTP GET /js/site.triff2tvbi.js responded 200 in 1.5328 ms
[2026-08-04 11:31:06 INF] Serilog.AspNetCore.RequestLoggingMiddleware - HTTP GET /lib/bootstrap/dist/css/bootstrap.min.vajc5to68h.css responded 200 in 3.9328 ms
[2026-08-04 11:31:06 INF] Serilog.AspNetCore.RequestLoggingMiddleware - HTTP GET /lib/jquery/dist/jquery.min.o1o13a6vjx.js responded 200 in 2.8569 ms
[2026-08-04 11:31:06 INF] Serilog.AspNetCore.RequestLoggingMiddleware - HTTP GET /lib/bootstrap/dist/js/bootstrap.bundle.min.493y06b0oq.js responded 200 in 3.0579 ms
[2026-08-04 11:31:10 INF] Serilog.AspNetCore.RequestLoggingMiddleware - HTTP GET /Records responded 200 in 46.7094 ms
[2026-08-04 11:31:10 INF] Serilog.AspNetCore.RequestLoggingMiddleware - HTTP GET /lib/bootstrap/dist/css/bootstrap.min.vajc5to68h.css responded 200 in 2.7312 ms
[2026-08-04 11:31:10 INF] Serilog.AspNetCore.RequestLoggingMiddleware - HTTP GET /RecordDB.Core.c7bl56k7jw.styles.css responded 200 in 0.7675 ms
[2026-08-04 11:31:10 INF] Serilog.AspNetCore.RequestLoggingMiddleware - HTTP GET /css/site.c6lio0ht4z.css responded 200 in 1.2439 ms
[2026-08-04 11:31:10 INF] Serilog.AspNetCore.RequestLoggingMiddleware - HTTP GET /js/site.triff2tvbi.js responded 200 in 0.6432 ms
[2026-08-04 11:31:10 INF] Serilog.AspNetCore.RequestLoggingMiddleware - HTTP GET /lib/bootstrap/dist/js/bootstrap.bundle.min.493y06b0oq.js responded 200 in 1.2269 ms
[2026-08-04 11:31:10 INF] Serilog.AspNetCore.RequestLoggingMiddleware - HTTP GET /lib/jquery/dist/jquery.min.o1o13a6vjx.js responded 200 in 1.4763 ms
[2026-08-04 11:31:18 INF] Serilog.AspNetCore.RequestLoggingMiddleware - HTTP GET /Records responded 200 in 11.2309 ms
[2026-08-04 11:31:18 INF] Serilog.AspNetCore.RequestLoggingMiddleware - HTTP GET /RecordDB.Core.c7bl56k7jw.styles.css responded 200 in 0.9231 ms
[2026-08-04 11:31:18 INF] Serilog.AspNetCore.RequestLoggingMiddleware - HTTP GET /js/site.triff2tvbi.js responded 200 in 0.6373 ms
[2026-08-04 11:31:18 INF] Serilog.AspNetCore.RequestLoggingMiddleware - HTTP GET /lib/bootstrap/dist/css/bootstrap.min.vajc5to68h.css responded 200 in 2.7760 ms
[2026-08-04 11:31:18 INF] Serilog.AspNetCore.RequestLoggingMiddleware - HTTP GET /css/site.c6lio0ht4z.css responded 200 in 1.9983 ms
[2026-08-04 11:31:18 INF] Serilog.AspNetCore.RequestLoggingMiddleware - HTTP GET /lib/jquery/dist/jquery.min.o1o13a6vjx.js responded 200 in 1.8702 ms
[2026-08-04 11:31:18 INF] Serilog.AspNetCore.RequestLoggingMiddleware - HTTP GET /lib/bootstrap/dist/js/bootstrap.bundle.min.493y06b0oq.js responded 200 in 1.7369 ms
[2026-08-04 11:31:20 DBG] RecordDB.Core.Pages.Records.EditModel - Loading Edit Record page for record 5285
[2026-08-04 11:31:20 DBG] RecordDB.Core.Pages.Records.EditModel - Loaded record 'More Country, More Western' (ID 5285) for editing
[2026-08-04 11:31:20 INF] Serilog.AspNetCore.RequestLoggingMiddleware - HTTP GET /Records/Edit/5285 responded 200 in 112.8740 ms
[2026-08-04 11:31:20 INF] Serilog.AspNetCore.RequestLoggingMiddleware - HTTP GET /RecordDB.Core.c7bl56k7jw.styles.css responded 200 in 0.7891 ms
[2026-08-04 11:31:20 INF] Serilog.AspNetCore.RequestLoggingMiddleware - HTTP GET /lib/bootstrap/dist/css/bootstrap.min.vajc5to68h.css responded 200 in 3.0039 ms
[2026-08-04 11:31:20 INF] Serilog.AspNetCore.RequestLoggingMiddleware - HTTP GET /css/site.c6lio0ht4z.css responded 200 in 1.7571 ms
[2026-08-04 11:31:20 INF] Serilog.AspNetCore.RequestLoggingMiddleware - HTTP GET /js/site.triff2tvbi.js responded 200 in 0.6841 ms
[2026-08-04 11:31:20 INF] Serilog.AspNetCore.RequestLoggingMiddleware - HTTP GET /lib/bootstrap/dist/js/bootstrap.bundle.min.493y06b0oq.js responded 200 in 1.5842 ms
[2026-08-04 11:31:20 INF] Serilog.AspNetCore.RequestLoggingMiddleware - HTTP GET /lib/jquery/dist/jquery.min.o1o13a6vjx.js responded 200 in 1.9651 ms
[2026-08-04 11:31:20 INF] Serilog.AspNetCore.RequestLoggingMiddleware - HTTP GET /lib/jquery-validation-unobtrusive/dist/jquery.validate.unobtrusive.min.4v8eqarkd7.js responded 200 in 1.5490 ms
[2026-08-04 11:31:20 INF] Serilog.AspNetCore.RequestLoggingMiddleware - HTTP GET /lib/jquery-validation/dist/jquery.validate.min.ag7o75518u.js responded 200 in 1.6704 ms
[2026-08-04 11:31:54 INF] RecordDB.Core.Pages.Records.EditModel - Updating record 'More Country, More Western' (ID 5285)
[2026-08-04 11:31:54 INF] RecordDB.Core.Pages.Records.EditModel - Record 'More Country, More Western' (ID 5285) updated successfully
[2026-08-04 11:31:54 INF] Serilog.AspNetCore.RequestLoggingMiddleware - HTTP POST /Records/Edit/5285 responded 302 in 37.5663 ms
[2026-08-04 11:31:54 INF] Serilog.AspNetCore.RequestLoggingMiddleware - HTTP GET /Records responded 200 in 39.5339 ms
[2026-08-04 11:31:54 INF] Serilog.AspNetCore.RequestLoggingMiddleware - HTTP GET /css/site.c6lio0ht4z.css responded 200 in 1.0007 ms
[2026-08-04 11:31:54 INF] Serilog.AspNetCore.RequestLoggingMiddleware - HTTP GET /RecordDB.Core.c7bl56k7jw.styles.css responded 200 in 0.6073 ms
[2026-08-04 11:31:54 INF] Serilog.AspNetCore.RequestLoggingMiddleware - HTTP GET /js/site.triff2tvbi.js responded 200 in 1.4064 ms
[2026-08-04 11:31:54 INF] Serilog.AspNetCore.RequestLoggingMiddleware - HTTP GET /lib/bootstrap/dist/css/bootstrap.min.vajc5to68h.css responded 200 in 4.4166 ms
[2026-08-04 11:31:54 INF] Serilog.AspNetCore.RequestLoggingMiddleware - HTTP GET /lib/jquery/dist/jquery.min.o1o13a6vjx.js responded 200 in 3.1226 ms
[2026-08-04 11:31:54 INF] Serilog.AspNetCore.RequestLoggingMiddleware - HTTP GET /lib/bootstrap/dist/js/bootstrap.bundle.min.493y06b0oq.js responded 200 in 3.1929 ms
[2026-08-04 11:32:01 INF] Serilog.AspNetCore.RequestLoggingMiddleware - HTTP GET /Records responded 200 in 5.2949 ms
[2026-08-04 11:32:01 INF] Serilog.AspNetCore.RequestLoggingMiddleware - HTTP GET /RecordDB.Core.c7bl56k7jw.styles.css responded 200 in 0.5345 ms
[2026-08-04 11:32:01 INF] Serilog.AspNetCore.RequestLoggingMiddleware - HTTP GET /lib/bootstrap/dist/css/bootstrap.min.vajc5to68h.css responded 200 in 2.2112 ms
[2026-08-04 11:32:01 INF] Serilog.AspNetCore.RequestLoggingMiddleware - HTTP GET /css/site.c6lio0ht4z.css responded 200 in 1.1427 ms
[2026-08-04 11:32:01 INF] Serilog.AspNetCore.RequestLoggingMiddleware - HTTP GET /js/site.triff2tvbi.js responded 200 in 0.5787 ms
[2026-08-04 11:32:01 INF] Serilog.AspNetCore.RequestLoggingMiddleware - HTTP GET /lib/bootstrap/dist/js/bootstrap.bundle.min.493y06b0oq.js responded 200 in 1.2115 ms
[2026-08-04 11:32:01 INF] Serilog.AspNetCore.RequestLoggingMiddleware - HTTP GET /lib/jquery/dist/jquery.min.o1o13a6vjx.js responded 200 in 13.8871 ms
[2026-08-04 11:32:06 INF] Serilog.AspNetCore.RequestLoggingMiddleware - HTTP GET /Records/RecordView/5284 responded 200 in 3.6400 ms
[2026-08-04 11:32:06 INF] Serilog.AspNetCore.RequestLoggingMiddleware - HTTP GET /RecordDB.Core.c7bl56k7jw.styles.css responded 200 in 8.8577 ms
[2026-08-04 11:32:06 INF] Serilog.AspNetCore.RequestLoggingMiddleware - HTTP GET /js/site.triff2tvbi.js responded 200 in 0.7478 ms
[2026-08-04 11:32:06 INF] Serilog.AspNetCore.RequestLoggingMiddleware - HTTP GET /lib/bootstrap/dist/css/bootstrap.min.vajc5to68h.css responded 200 in 11.2347 ms
[2026-08-04 11:32:06 INF] Serilog.AspNetCore.RequestLoggingMiddleware - HTTP GET /css/site.c6lio0ht4z.css responded 200 in 10.0772 ms
[2026-08-04 11:32:06 INF] Serilog.AspNetCore.RequestLoggingMiddleware - HTTP GET /lib/bootstrap/dist/js/bootstrap.bundle.min.493y06b0oq.js responded 200 in 1.3152 ms
[2026-08-04 11:32:06 INF] Serilog.AspNetCore.RequestLoggingMiddleware - HTTP GET /lib/jquery/dist/jquery.min.o1o13a6vjx.js responded 200 in 1.5333 ms
[2026-08-04 11:32:15 INF] Serilog.AspNetCore.RequestLoggingMiddleware - HTTP GET /Records/RecordView/5285 responded 200 in 4.5681 ms
[2026-08-04 11:32:15 INF] Serilog.AspNetCore.RequestLoggingMiddleware - HTTP GET /lib/bootstrap/dist/css/bootstrap.min.vajc5to68h.css responded 200 in 2.9648 ms
[2026-08-04 11:32:15 INF] Serilog.AspNetCore.RequestLoggingMiddleware - HTTP GET /RecordDB.Core.c7bl56k7jw.styles.css responded 200 in 0.7838 ms
[2026-08-04 11:32:15 INF] Serilog.AspNetCore.RequestLoggingMiddleware - HTTP GET /css/site.c6lio0ht4z.css responded 200 in 1.0978 ms
[2026-08-04 11:32:15 INF] Serilog.AspNetCore.RequestLoggingMiddleware - HTTP GET /js/site.triff2tvbi.js responded 200 in 0.8134 ms
[2026-08-04 11:32:15 INF] Serilog.AspNetCore.RequestLoggingMiddleware - HTTP GET /lib/bootstrap/dist/js/bootstrap.bundle.min.493y06b0oq.js responded 200 in 1.5899 ms
[2026-08-04 11:32:15 INF] Serilog.AspNetCore.RequestLoggingMiddleware - HTTP GET /lib/jquery/dist/jquery.min.o1o13a6vjx.js responded 200 in 1.9375 ms
[2026-08-04 12:00:13 INF] Serilog.AspNetCore.RequestLoggingMiddleware - HTTP GET / responded 200 in 192.0347 ms
[2026-08-04 12:00:13 INF] Serilog.AspNetCore.RequestLoggingMiddleware - HTTP GET /RecordDB.Core.c7bl56k7jw.styles.css responded 200 in 29.1091 ms
[2026-08-04 12:00:13 INF] Serilog.AspNetCore.RequestLoggingMiddleware - HTTP GET /js/site.triff2tvbi.js responded 200 in 28.9001 ms
[2026-08-04 12:00:13 INF] Serilog.AspNetCore.RequestLoggingMiddleware - HTTP GET /lib/bootstrap/dist/js/bootstrap.bundle.min.493y06b0oq.js responded 200 in 35.4673 ms
[2026-08-04 12:00:13 INF] Serilog.AspNetCore.RequestLoggingMiddleware - HTTP GET /css/site.c6lio0ht4z.css responded 200 in 33.2380 ms
[2026-08-04 12:00:13 INF] Serilog.AspNetCore.RequestLoggingMiddleware - HTTP GET /lib/jquery/dist/jquery.min.o1o13a6vjx.js responded 200 in 33.2284 ms
[2026-08-04 12:00:13 INF] Serilog.AspNetCore.RequestLoggingMiddleware - HTTP GET /lib/bootstrap/dist/css/bootstrap.min.vajc5to68h.css responded 200 in 37.3491 ms
[2026-08-04 12:00:16 INF] Serilog.AspNetCore.RequestLoggingMiddleware - HTTP GET /Records/GetRecords/cd responded 200 in 298.4677 ms
[2026-08-04 12:00:16 INF] Serilog.AspNetCore.RequestLoggingMiddleware - HTTP GET /RecordDB.Core.c7bl56k7jw.styles.css responded 200 in 1.2363 ms
[2026-08-04 12:00:16 INF] Serilog.AspNetCore.RequestLoggingMiddleware - HTTP GET /css/site.c6lio0ht4z.css responded 200 in 2.2844 ms
[2026-08-04 12:00:16 INF] Serilog.AspNetCore.RequestLoggingMiddleware - HTTP GET /js/site.triff2tvbi.js responded 200 in 1.6369 ms
[2026-08-04 12:00:16 INF] Serilog.AspNetCore.RequestLoggingMiddleware - HTTP GET /lib/bootstrap/dist/css/bootstrap.min.vajc5to68h.css responded 200 in 6.7170 ms
[2026-08-04 12:00:16 INF] Serilog.AspNetCore.RequestLoggingMiddleware - HTTP GET /lib/jquery/dist/jquery.min.o1o13a6vjx.js responded 200 in 13.3772 ms
[2026-08-04 12:00:16 INF] Serilog.AspNetCore.RequestLoggingMiddleware - HTTP GET /lib/bootstrap/dist/js/bootstrap.bundle.min.493y06b0oq.js responded 200 in 57.6007 ms
[2026-08-04 12:00:19 INF] Serilog.AspNetCore.RequestLoggingMiddleware - HTTP GET /Records/RecordView/1431 responded 200 in 31.0315 ms
[2026-08-04 12:00:19 INF] Serilog.AspNetCore.RequestLoggingMiddleware - HTTP GET /css/site.c6lio0ht4z.css responded 200 in 1.0827 ms
[2026-08-04 12:00:19 INF] Serilog.AspNetCore.RequestLoggingMiddleware - HTTP GET /RecordDB.Core.c7bl56k7jw.styles.css responded 200 in 0.8330 ms
[2026-08-04 12:00:19 INF] Serilog.AspNetCore.RequestLoggingMiddleware - HTTP GET /js/site.triff2tvbi.js responded 200 in 1.5994 ms
[2026-08-04 12:00:19 INF] Serilog.AspNetCore.RequestLoggingMiddleware - HTTP GET /lib/bootstrap/dist/css/bootstrap.min.vajc5to68h.css responded 200 in 5.1461 ms
[2026-08-04 12:00:19 INF] Serilog.AspNetCore.RequestLoggingMiddleware - HTTP GET /lib/jquery/dist/jquery.min.o1o13a6vjx.js responded 200 in 3.5708 ms
[2026-08-04 12:00:19 INF] Serilog.AspNetCore.RequestLoggingMiddleware - HTTP GET /lib/bootstrap/dist/js/bootstrap.bundle.min.493y06b0oq.js responded 200 in 3.4867 ms
[2026-08-04 12:03:50 DBG] RecordDB.Core.Pages.Records.EditModel - Loading Edit Record page for record 5288
[2026-08-04 12:04:06 INF] RecordDB.Core.Pages.Records.EditModel - Record 'No Country for Bored Men' (ID 5288) updated successfully
[2026-08-04 14:03:04 DBG] RecordDB.Core.Pages.Records.EditModel - Loading Edit Record page for record 5287
[2026-08-04 14:03:21 INF] RecordDB.Core.Pages.Records.EditModel - Record 'A Heck Of a Lot More Country' (ID 5287) updated successfully
